Copyright 1986-2022 Xilinx, Inc. All Rights Reserved. Copyright 2022-2025 Advanced Micro Devices, Inc. All Rights Reserved.
------------------------------------------------------------------------------------------------------------------------------------------------------------------------------------------------
| Tool Version : Vivado v.2025.2 (win64) Build 6299465 Fri Nov 14 19:35:11 GMT 2025
| Date         : Thu Jul 30 16:10:39 2026
| Host         : Vivobookbharath-G running 64-bit major release  (build 9200)
| Command      : report_bus_skew -warn_on_violation -file sentinel_rv_board_top_bus_skew_routed.rpt -pb sentinel_rv_board_top_bus_skew_routed.pb -rpx sentinel_rv_board_top_bus_skew_routed.rpx
| Design       : sentinel_rv_board_top
| Device       : 7a35t-ftg256
| Speed File   : -1  PRODUCTION 1.23 2018-06-13
| Design State : Routed
------------------------------------------------------------------------------------------------------------------------------------------------------------------------------------------------

Bus Skew Report

No bus skew constraints

