Copyright 1986-2022 Xilinx, Inc. All Rights Reserved. Copyright 2022-2025 Advanced Micro Devices, Inc. All Rights Reserved.
---------------------------------------------------------------------------------------------------------------------------------------------
| Tool Version : Vivado v.2025.2 (win64) Build 6299465 Fri Nov 14 19:35:11 GMT 2025
| Date         : Thu Jul 30 16:08:30 2026
| Host         : Vivobookbharath-G running 64-bit major release  (build 9200)
| Command      : report_control_sets -verbose -file sentinel_rv_board_top_control_sets_placed.rpt
| Design       : sentinel_rv_board_top
| Device       : xc7a35t
---------------------------------------------------------------------------------------------------------------------------------------------

Control Set Information

Table of Contents
-----------------
1. Summary
2. Histogram
3. Flip-Flop Distribution
4. Detailed Control Set Information

1. Summary
----------

+----------------------------------------------------------+-------+
|                          Status                          | Count |
+----------------------------------------------------------+-------+
| Total control sets                                       |   121 |
|    Minimum number of control sets                        |   121 |
|    Addition due to synthesis replication                 |     0 |
|    Addition due to physical synthesis replication        |     0 |
| Unused register locations in slices containing registers |   343 |
+----------------------------------------------------------+-------+
* Control sets can be merged at opt_design using control_set_merge or merge_equivalent_drivers
** Run report_qor_suggestions for automated merging and remapping suggestions


2. Histogram
------------

+--------------------+-------+
|       Fanout       | Count |
+--------------------+-------+
| Total control sets |   121 |
| >= 0 to < 4        |     9 |
| >= 4 to < 6        |    20 |
| >= 6 to < 8        |     6 |
| >= 8 to < 10       |    17 |
| >= 10 to < 12      |     4 |
| >= 12 to < 14      |     4 |
| >= 14 to < 16      |     1 |
| >= 16              |    60 |
+--------------------+-------+
* Control sets can be remapped at either synth_design or opt_design


3. Flip-Flop Distribution
-------------------------

+--------------+-----------------------+------------------------+-----------------+--------------+
| Clock Enable | Synchronous Set/Reset | Asynchronous Set/Reset | Total Registers | Total Slices |
+--------------+-----------------------+------------------------+-----------------+--------------+
| No           | No                    | No                     |             141 |           67 |
| No           | No                    | Yes                    |               0 |            0 |
| No           | Yes                   | No                     |             384 |          149 |
| Yes          | No                    | No                     |             419 |          139 |
| Yes          | No                    | Yes                    |               0 |            0 |
| Yes          | Yes                   | No                     |            2993 |          899 |
+--------------+-----------------------+------------------------+-----------------+--------------+


4. Detailed Control Set Information
-----------------------------------

+----------------------+--------------------------------------------------------------------------+------------------------------------------------------------------------+------------------+----------------+--------------+
|     Clock Signal     |                               Enable Signal                              |                            Set/Reset Signal                            | Slice Load Count | Bel Load Count | Bels / Slice |
+----------------------+--------------------------------------------------------------------------+------------------------------------------------------------------------+------------------+----------------+--------------+
|  clk_24mhz_IBUF_BUFG | system_wrapper/peripherals/sd_spi/sd_cs_n_i_1_n_0                        | reset_IBUF                                                             |                1 |              1 |         1.00 |
|  clk_24mhz_IBUF_BUFG | system_wrapper/peripherals/sd_spi/sd_cmd_i_1_n_0                         | reset_IBUF                                                             |                1 |              1 |         1.00 |
|  clk_24mhz_IBUF_BUFG | system_wrapper/peripherals/lcd_bus/lcd_en_i_1_n_0                        | reset_IBUF                                                             |                1 |              1 |         1.00 |
|  clk_24mhz_IBUF_BUFG | system_wrapper/peripherals/sevenseg/seg_load_i_1_n_0                     | reset_IBUF                                                             |                1 |              1 |         1.00 |
|  clk_24mhz_IBUF_BUFG | system_wrapper/peripherals/hc_sr04/trigger_i_1_n_0                       | reset_IBUF                                                             |                1 |              1 |         1.00 |
|  clk_24mhz_IBUF_BUFG | system_wrapper/peripherals/sevenseg/seg_clk_i_1_n_0                      | reset_IBUF                                                             |                1 |              1 |         1.00 |
|  clk_24mhz_IBUF_BUFG | system_wrapper/peripherals/sampler/spi/cs_n_i_1_n_0                      | reset_IBUF                                                             |                1 |              1 |         1.00 |
|  clk_24mhz_IBUF_BUFG | system_wrapper/peripherals/pmod_uart/transmitter/tx_i_1_n_0              |                                                                        |                1 |              1 |         1.00 |
|  clk_24mhz_IBUF_BUFG | system_wrapper/command_gate/result_opcode_reg[0]_1                       | system_wrapper/command_gate/result_valid_reg_0                         |                1 |              2 |         2.00 |
|  clk_24mhz_IBUF_BUFG |                                                                          | system_wrapper/security_core/cpu/cpu/pcpi_div/instr_rem_i_1_n_0        |                1 |              4 |         4.00 |
|  clk_24mhz_IBUF_BUFG | system_wrapper/security_core/cpu/cpu/sel                                 | system_wrapper/security_core/cpu/cpu/pcpi_mul/SS[0]                    |                1 |              4 |         4.00 |
|  clk_24mhz_IBUF_BUFG |                                                                          | system_wrapper/peripherals/pmod_uart/baud_clock/count[3]_i_1_n_0       |                1 |              4 |         4.00 |
|  clk_24mhz_IBUF_BUFG | system_wrapper/peripherals/keypad/key_code[3]_i_1_n_0                    | reset_IBUF                                                             |                1 |              4 |         4.00 |
|  clk_24mhz_IBUF_BUFG |                                                                          | system_wrapper/security_core/cpu/cpu/pcpi_mul/instr_mulhu_i_1_n_0      |                1 |              4 |         4.00 |
|  clk_24mhz_IBUF_BUFG | system_wrapper/peripherals/pmod_telemetry/byte_index[0]                  | system_wrapper/peripherals/pmod_telemetry/byte_index[3]_i_1_n_0        |                2 |              4 |         2.00 |
|  clk_24mhz_IBUF_BUFG | system_wrapper/peripherals/sevenseg/word_index[3]_i_1_n_0                | reset_IBUF                                                             |                1 |              4 |         4.00 |
|  clk_24mhz_IBUF_BUFG | system_wrapper/peripherals/pmod_command/checksum[0]                      | system_wrapper/peripherals/pmod_uart/receiver/SR[0]                    |                1 |              4 |         4.00 |
|  clk_24mhz_IBUF_BUFG | system_wrapper/peripherals/sampler/spi/busy_reg_n_0                      | system_wrapper/peripherals/sampler/spi/shift_in_0[0]                   |                1 |              4 |         4.00 |
|  clk_24mhz_IBUF_BUFG | system_wrapper/peripherals/sd_init/byte_index[3]_i_1__0_n_0              | reset_IBUF                                                             |                1 |              4 |         4.00 |
|  clk_24mhz_IBUF_BUFG | system_wrapper/peripherals/sd_init/preclock_count[0]                     | reset_IBUF                                                             |                2 |              4 |         2.00 |
|  clk_24mhz_IBUF_BUFG | system_wrapper/peripherals/pmod_command/checksum[7]_i_1_n_0              | reset_IBUF                                                             |                2 |              4 |         2.00 |
|  clk_24mhz_IBUF_BUFG | system_wrapper/peripherals/lcd_text/char_index[4]_i_1_n_0                | reset_IBUF                                                             |                3 |              5 |         1.67 |
|  clk_24mhz_IBUF_BUFG |                                                                          | system_wrapper/peripherals/sevenseg/div_count[4]_i_1_n_0               |                2 |              5 |         2.50 |
|  clk_24mhz_IBUF_BUFG | system_wrapper/peripherals/sampler/spi/bit_index[4]_i_1_n_0              | reset_IBUF                                                             |                2 |              5 |         2.50 |
|  clk_24mhz_IBUF_BUFG | system_wrapper/peripherals/sevenseg/FSM_onehot_state[4]_i_1__0_n_0       | reset_IBUF                                                             |                1 |              5 |         5.00 |
|  clk_24mhz_IBUF_BUFG | system_wrapper/peripherals/sevenseg/bit_index[3]_i_1__0_n_0              | reset_IBUF                                                             |                1 |              5 |         5.00 |
|  clk_24mhz_IBUF_BUFG | system_wrapper/peripherals/sd_spi/sd_xfer_busy                           | system_wrapper/peripherals/sd_init/SR[0]                               |                1 |              5 |         5.00 |
|  clk_24mhz_IBUF_BUFG | system_wrapper/security_core/cpu/cpu/is_lui_auipc_jal_jalr_addi_add_sub0 | system_wrapper/security_core/cpu/cpu/instr_lhu_i_1_n_0                 |                2 |              5 |         2.50 |
|  clk_24mhz_IBUF_BUFG | system_wrapper/security_core/cpu/cpu/latched_rd[4]_i_1_n_0               | reset_IBUF                                                             |                2 |              5 |         2.50 |
|  clk_24mhz_IBUF_BUFG | system_wrapper/peripherals/keypad/E[0]                                   | reset_IBUF                                                             |                1 |              6 |         6.00 |
|  clk_24mhz_IBUF_BUFG | system_wrapper/security_core/replay/scan_index__0[0]                     | system_wrapper/security_core/replay/scan_index[0]_i_1_n_0              |                1 |              6 |         6.00 |
|  clk_24mhz_IBUF_BUFG | system_wrapper/peripherals/keypad/stable_count[0]                        | reset_IBUF                                                             |                3 |              6 |         2.00 |
|  clk_24mhz_IBUF_BUFG | system_wrapper/peripherals/dht11/FSM_onehot_state[5]_i_1_n_0             | reset_IBUF                                                             |                2 |              6 |         3.00 |
|  clk_24mhz_IBUF_BUFG | system_wrapper/security_core/replay/write_index[5]_i_1_n_0               | reset_IBUF                                                             |                1 |              6 |         6.00 |
|  clk_24mhz_IBUF_BUFG | system_wrapper/security_core/cpu/cpu/pcpi_mul/E[0]                       | system_wrapper/security_core/cpu/cpu/cpu_state[7]_i_1_n_0              |                3 |              7 |         2.33 |
|  clk_24mhz_IBUF_BUFG | system_wrapper/peripherals/pmod_command/cmd_argument[7]_i_1_n_0          | reset_IBUF                                                             |                1 |              8 |         8.00 |
|  clk_24mhz_IBUF_BUFG | system_wrapper/peripherals/pmod_command/cmd_sequence[7]_i_1_n_0          | reset_IBUF                                                             |                2 |              8 |         4.00 |
|  clk_24mhz_IBUF_BUFG | system_wrapper/peripherals/pmod_uart/baud_clock/baud16_tick              | reset_IBUF                                                             |                3 |              8 |         2.67 |
|  clk_24mhz_IBUF_BUFG | system_wrapper/peripherals/dht11/FSM_onehot_state[7]_i_1_n_0             | reset_IBUF                                                             |                3 |              8 |         2.67 |
|  clk_24mhz_IBUF_BUFG | system_wrapper/peripherals/sd_spi/xfer_rx[7]_i_1_n_0                     | reset_IBUF                                                             |                2 |              8 |         4.00 |
|  clk_24mhz_IBUF_BUFG | system_wrapper/peripherals/sd_spi/shift_in[7]_i_1_n_0                    | system_wrapper/peripherals/sd_init/SR[0]                               |                1 |              8 |         8.00 |
|  clk_24mhz_IBUF_BUFG | system_wrapper/peripherals/pmod_telemetry/uart_data[7]_i_1_n_0           | reset_IBUF                                                             |                4 |              8 |         2.00 |
|  clk_24mhz_IBUF_BUFG | system_wrapper/peripherals/pmod_command/cmd_opcode[7]_i_1_n_0            | reset_IBUF                                                             |                1 |              8 |         8.00 |
|  clk_24mhz_IBUF_BUFG | system_wrapper/peripherals/sd_init/response_tries[7]_i_1__0_n_0          | reset_IBUF                                                             |                2 |              8 |         4.00 |
|  clk_24mhz_IBUF_BUFG | system_wrapper/peripherals/pmod_telemetry/E[0]                           | reset_IBUF                                                             |                1 |              8 |         8.00 |
|  clk_24mhz_IBUF_BUFG | system_wrapper/peripherals/pmod_command/cmd_argument[15]_i_1_n_0         | reset_IBUF                                                             |                2 |              8 |         4.00 |
|  clk_24mhz_IBUF_BUFG | system_wrapper/peripherals/pmod_uart/receiver/rx_data[7]_i_1_n_0         | reset_IBUF                                                             |                1 |              8 |         8.00 |
|  clk_24mhz_IBUF_BUFG | system_wrapper/peripherals/lcd_bus/lcd_rs_i_1_n_0                        | reset_IBUF                                                             |                3 |              9 |         3.00 |
|  clk_24mhz_IBUF_BUFG | system_wrapper/peripherals/sd_init/xfer_start_i_1__0_n_0                 | reset_IBUF                                                             |                5 |              9 |         1.80 |
|  clk_24mhz_IBUF_BUFG | system_wrapper/peripherals/sector_writer/xfer_start_i_1_n_0              | reset_IBUF                                                             |                4 |              9 |         2.25 |
|  clk_24mhz_IBUF_BUFG | system_wrapper/peripherals/sector_writer/response_tries[8]_i_1_n_0       | reset_IBUF                                                             |                2 |              9 |         4.50 |
|  clk_24mhz_IBUF_BUFG | system_wrapper/peripherals/lcd_text/driver_data[7]_i_1_n_0               | reset_IBUF                                                             |                5 |              9 |         1.80 |
|  clk_24mhz_IBUF_BUFG | system_wrapper/peripherals/sector_writer/data_index[9]_i_1_n_0           | reset_IBUF                                                             |                3 |             10 |         3.33 |
|  clk_24mhz_IBUF_BUFG | system_wrapper/peripherals/sevenseg/word_reg[11]_i_1_n_0                 | reset_IBUF                                                             |                4 |             10 |         2.50 |
|  clk_24mhz_IBUF_BUFG | system_wrapper/peripherals/hc_sr04/cm_timer[0]                           | reset_IBUF                                                             |                4 |             11 |         2.75 |
|  clk_24mhz_IBUF_BUFG | system_wrapper/peripherals/sevenseg/value_reg[12]_i_1_n_0                | reset_IBUF                                                             |                5 |             11 |         2.20 |
|  clk_24mhz_IBUF_BUFG | system_wrapper/peripherals/sampler/spi/shift_in[11]_i_1_n_0              | system_wrapper/peripherals/sampler/spi/shift_in_0[0]                   |                2 |             12 |         6.00 |
|  clk_24mhz_IBUF_BUFG | system_wrapper/peripherals/sampler/spi/rx_data[11]_i_1_n_0               | reset_IBUF                                                             |                2 |             12 |         6.00 |
|  clk_24mhz_IBUF_BUFG | system_wrapper/peripherals/sampler/spi/E[0]                              | reset_IBUF                                                             |                2 |             12 |         6.00 |
|  clk_24mhz_IBUF_BUFG | system_wrapper/security_core/cpu/cpu/is_lui_auipc_jal_jalr_addi_add_sub0 | system_wrapper/security_core/cpu/cpu/decoded_imm[31]_i_1_n_0           |                3 |             12 |         4.00 |
|  clk_24mhz_IBUF_BUFG |                                                                          | system_wrapper/peripherals/keypad/scan_count[0]_i_1_n_0                |                4 |             15 |         3.75 |
|  clk_24mhz_IBUF_BUFG | system_wrapper/peripherals/hc_sr04/count_cm[0]                           | reset_IBUF                                                             |                2 |             16 |         8.00 |
|  clk_24mhz_IBUF_BUFG | system_wrapper/peripherals/hc_sr04/E[0]                                  | reset_IBUF                                                             |                5 |             16 |         3.20 |
|  clk_24mhz_IBUF_BUFG | system_wrapper/peripherals/hc_sr04/dist_idx_reg[1][0]                    | reset_IBUF                                                             |                4 |             16 |         4.00 |
|  clk_24mhz_IBUF_BUFG | system_wrapper/peripherals/hc_sr04/dist_idx_reg[0][0]                    | reset_IBUF                                                             |                4 |             16 |         4.00 |
|  clk_24mhz_IBUF_BUFG | system_wrapper/peripherals/dht11/temperature[7]_i_1_n_0                  | reset_IBUF                                                             |                3 |             16 |         5.33 |
|  clk_24mhz_IBUF_BUFG | system_wrapper/peripherals/lcd_bus/count[15]_i_1_n_0                     | reset_IBUF                                                             |                5 |             16 |         3.20 |
|  clk_24mhz_IBUF_BUFG | system_wrapper/peripherals/sector_writer/busy_timeout[15]_i_1_n_0        | reset_IBUF                                                             |                3 |             16 |         5.33 |
|  clk_24mhz_IBUF_BUFG | system_wrapper/peripherals/hc_sr04/distance_cm[15]_i_1_n_0               | reset_IBUF                                                             |                3 |             16 |         5.33 |
|  clk_24mhz_IBUF_BUFG | system_wrapper/peripherals/sd_init/acmd41_tries[0]                       | reset_IBUF                                                             |                4 |             16 |         4.00 |
|  clk_24mhz_IBUF_BUFG | system_wrapper/peripherals/hc_sr04/dist_idx_reg[1]_0[0]                  | reset_IBUF                                                             |                4 |             16 |         4.00 |
|  clk_24mhz_IBUF_BUFG |                                                                          | system_wrapper/peripherals/sevenseg/refresh_count[0]_i_1_n_0           |                5 |             18 |         3.60 |
|  clk_24mhz_IBUF_BUFG | system_wrapper/peripherals/hc_sr04/distance_cm_reg[7]_0[0]               | reset_IBUF                                                             |                4 |             18 |         4.50 |
|  clk_24mhz_IBUF_BUFG | system_wrapper/peripherals/sampler/spi/p_0_in                            | system_wrapper/peripherals/sampler/spi/sample_count_reg[6]             |                6 |             21 |         3.50 |
|  clk_24mhz_IBUF_BUFG | system_wrapper/security_core/cpu/cpu/mem_rdata_q[31]_i_2_n_0             | system_wrapper/security_core/cpu/cpu/mem_rdata_q[31]_i_1_n_0           |                7 |             22 |         3.14 |
|  clk_24mhz_IBUF_BUFG | system_wrapper/security_core/cpu/cpu/is_lui_auipc_jal_jalr_addi_add_sub0 | reset_IBUF                                                             |                8 |             23 |         2.88 |
|  clk_24mhz_IBUF_BUFG | system_wrapper/peripherals/lcd_text/poweron_timer[0]_i_1_n_0             | reset_IBUF                                                             |                6 |             24 |         4.00 |
|  clk_24mhz_IBUF_BUFG | system_wrapper/peripherals/key_decode/ascii_reg[0]_1[0]                  | reset_IBUF                                                             |                6 |             24 |         4.00 |
|  clk_24mhz_IBUF_BUFG | sd_test_counter[0]_i_1_n_0                                               | reset_IBUF                                                             |                7 |             25 |         3.57 |
|  clk_24mhz_IBUF_BUFG | system_wrapper/peripherals/dht11/interval_timer[0]                       | reset_IBUF                                                             |                7 |             26 |         3.71 |
|  clk_24mhz_IBUF_BUFG | system_wrapper/security_core/controller/lockdown_counter[26]_i_1_n_0     | reset_IBUF                                                             |                7 |             27 |         3.86 |
|  clk_24mhz_IBUF_BUFG | system_wrapper/security_core/cpu/cpu/pcpi_div/divisor[0]                 | system_wrapper/security_core/cpu/cpu/pcpi_div/divisor[30]_i_1_n_0      |               12 |             31 |         2.58 |
|  clk_24mhz_IBUF_BUFG | system_wrapper/security_core/cpu/cpu/pcpi_mul/reset                      | system_wrapper/security_core/cpu/cpu/pcpi_mul/rs1[62]_i_1_n_0          |                5 |             31 |         6.20 |
|  clk_24mhz_IBUF_BUFG | system_wrapper/peripherals/dht11/timer[31]_i_1__0_n_0                    | reset_IBUF                                                             |               14 |             32 |         2.29 |
|  clk_24mhz_IBUF_BUFG | system_wrapper/security_core/cpu/cpu/pcpi_div/dividend[0]                |                                                                        |                8 |             32 |         4.00 |
|  clk_24mhz_IBUF_BUFG | system_wrapper/security_core/cpu/cpu/mem_wdata[31]_i_1_n_0               |                                                                        |               12 |             32 |         2.67 |
|  clk_24mhz_IBUF_BUFG | system_wrapper/security_core/cpu/cpu/reg_op1[31]_i_1_n_0                 |                                                                        |               19 |             32 |         1.68 |
|  clk_24mhz_IBUF_BUFG | system_wrapper/security_core/cpu/cpu/reg_op2[31]_i_1_n_0                 |                                                                        |               10 |             32 |         3.20 |
|  clk_24mhz_IBUF_BUFG | system_wrapper/security_core/cpu/cpu/E[0]                                | reset_IBUF                                                             |               10 |             32 |         3.20 |
|  clk_24mhz_IBUF_BUFG | system_wrapper/security_core/cpu/cpu/pcpi_div/divisor[0]                 |                                                                        |               10 |             32 |         3.20 |
|  clk_24mhz_IBUF_BUFG | system_wrapper/security_core/cpu/cpu/pcpi_div/quotient[0]                | system_wrapper/security_core/cpu/cpu/pcpi_div/quotient_msk[31]_i_1_n_0 |               11 |             32 |         2.91 |
|  clk_24mhz_IBUF_BUFG | system_wrapper/peripherals/logger/log_done_i_1_n_0                       | reset_IBUF                                                             |                8 |             32 |         4.00 |
|  clk_24mhz_IBUF_BUFG | system_wrapper/security_core/cpu/cpu/pcpi_div/quotient_msk[31]_i_2_n_0   | system_wrapper/security_core/cpu/cpu/pcpi_div/quotient_msk[31]_i_1_n_0 |               11 |             32 |         2.91 |
|  clk_24mhz_IBUF_BUFG | system_wrapper/security_core/cpu/cpu/pcpi_mul/pcpi_wr_i_1_n_0            |                                                                        |               12 |             32 |         2.67 |
|  clk_24mhz_IBUF_BUFG | system_wrapper/peripherals/pmod_command/E[0]                             | reset_IBUF                                                             |                5 |             32 |         6.40 |
|  clk_24mhz_IBUF_BUFG | system_wrapper/security_core/controller/replay_check_start_reg_0[0]      | reset_IBUF                                                             |                6 |             34 |         5.67 |
|  clk_24mhz_IBUF_BUFG | system_wrapper/security_core/cpu_bus/cpu_command_valid_reg_1             | reset_IBUF                                                             |                5 |             34 |         6.80 |
|  clk_24mhz_IBUF_BUFG | system_wrapper/security_core/cpu/cpu/mem_addr[31]_i_1_n_0                |                                                                        |               16 |             35 |         2.19 |
|  clk_24mhz_IBUF_BUFG | system_wrapper/security_core/controller/E[0]                             | reset_IBUF                                                             |               12 |             35 |         2.92 |
|  clk_24mhz_IBUF_BUFG | system_wrapper/peripherals/dht11/shift_reg[0]                            | reset_IBUF                                                             |               10 |             40 |         4.00 |
|  clk_24mhz_IBUF_BUFG | system_wrapper/security_core/cpu/cpu/instr_lui0                          |                                                                        |               12 |             43 |         3.58 |
|  clk_24mhz_IBUF_BUFG | system_wrapper/security_core/replay/p_0_in                               |                                                                        |               12 |             46 |         3.83 |
|  clk_24mhz_IBUF_BUFG | system_wrapper/security_core/cpu/cpu/is_lui_auipc_jal_jalr_addi_add_sub0 |                                                                        |               16 |             51 |         3.19 |
|  clk_24mhz_IBUF_BUFG | system_wrapper/peripherals/lcd_text/line2_reg[122]_i_1_n_0               | reset_IBUF                                                             |               15 |             57 |         3.80 |
|  clk_24mhz_IBUF_BUFG | system_wrapper/security_core/cpu/cpu/cpu_state_reg_n_0_[6]               | reset_IBUF                                                             |               24 |             62 |         2.58 |
|  clk_24mhz_IBUF_BUFG | system_wrapper/security_core/cpu/cpu/count_instr[0]                      | reset_IBUF                                                             |               16 |             64 |         4.00 |
|  clk_24mhz_IBUF_BUFG | system_wrapper/peripherals/sampler/sample_valid_reg_0[0]                 | reset_IBUF                                                             |               15 |             65 |         4.33 |
|  clk_24mhz_IBUF_BUFG | system_wrapper/security_core/cpu/cpu/pcpi_mul/reset                      | system_wrapper/security_core/cpu/cpu/pcpi_mul/mul_counter[6]_i_1_n_0   |               29 |             85 |         2.93 |
|  clk_24mhz_IBUF_BUFG | system_wrapper/security_core/cpu/cpu/cpuregs_reg_r1_0_31_0_5_i_1_n_0     |                                                                        |               11 |             88 |         8.00 |
|  clk_24mhz_IBUF_BUFG | system_wrapper/security_core/cpu/cpu/pcpi_mul/reset                      |                                                                        |               23 |             97 |         4.22 |
|  clk_24mhz_IBUF_BUFG | system_wrapper/audit_events/audit_prf/ciphertext[127]_i_1_n_0            | reset_IBUF                                                             |               42 |            128 |         3.05 |
|  clk_24mhz_IBUF_BUFG | system_wrapper/audit_events/audit_prf/round_key[127]_i_1_n_0             | reset_IBUF                                                             |               39 |            128 |         3.28 |
|  clk_24mhz_IBUF_BUFG | system_wrapper/audit_events/audit_prf/state_reg[127]_i_1_n_0             | reset_IBUF                                                             |               58 |            128 |         2.21 |
|  clk_24mhz_IBUF_BUFG | system_wrapper/audit_events/audit_prf/E[0]                               | reset_IBUF                                                             |               35 |            128 |         3.66 |
|  clk_24mhz_IBUF_BUFG | system_wrapper/peripherals/audit/record_valid0                           | reset_IBUF                                                             |               51 |            128 |         2.51 |
|  clk_24mhz_IBUF_BUFG |                                                                          |                                                                        |               67 |            141 |         2.10 |
|  clk_24mhz_IBUF_BUFG | system_wrapper/audit_events/audit_metadata[113]_i_1_n_0                  | reset_IBUF                                                             |               65 |            209 |         3.22 |
|  clk_24mhz_IBUF_BUFG | system_wrapper/audit_events/E[0]                                         | reset_IBUF                                                             |               38 |            210 |         5.53 |
|  clk_24mhz_IBUF_BUFG | system_wrapper/peripherals/sector_writer/sector_reg[0]                   | reset_IBUF                                                             |               74 |            243 |         3.28 |
|  clk_24mhz_IBUF_BUFG | system_wrapper/peripherals/logger/writer_sector[31]_i_1_n_0              | reset_IBUF                                                             |               84 |            243 |         2.89 |
|  clk_24mhz_IBUF_BUFG |                                                                          | reset_IBUF                                                             |              135 |            334 |         2.47 |
+----------------------+--------------------------------------------------------------------------+------------------------------------------------------------------------+------------------+----------------+--------------+


