#-----------------------------------------------------------
# Vivado v2025.2 (64-bit)
# SW Build 6299465 on Fri Nov 14 19:35:11 GMT 2025
# IP Build 6300035 on Fri Nov 14 10:48:45 MST 2025
# SharedData Build 6298862 on Thu Nov 13 04:50:51 MST 2025
# Start of session at: Thu Jul 30 16:05:49 2026
# Process ID         : 44260
# Current directory  : C:/VIVADO-proj1/New folder/Sentinel_RV-Project/Sentinel_RV-Project.runs/impl_1
# Command line       : vivado.exe -log sentinel_rv_board_top.vdi -applog -product Vivado -messageDb vivado.pb -mode batch -source sentinel_rv_board_top.tcl -notrace
# Log file           : C:/VIVADO-proj1/New folder/Sentinel_RV-Project/Sentinel_RV-Project.runs/impl_1/sentinel_rv_board_top.vdi
# Journal file       : C:/VIVADO-proj1/New folder/Sentinel_RV-Project/Sentinel_RV-Project.runs/impl_1\vivado.jou
# Running On         : Vivobookbharath-G
# Platform           : Windows Server 2016 or Windows 10
# Operating System   : 26220
# Processor Detail   : AMD Ryzen 5 7520U with Radeon Graphics         
# CPU Frequency      : 2795 MHz
# CPU Physical cores : 4
# CPU Logical cores  : 8
# Host memory        : 16407 MB
# Swap memory        : 12013 MB
# Total Virtual      : 28420 MB
# Available Virtual  : 5737 MB
#-----------------------------------------------------------
source sentinel_rv_board_top.tcl -notrace
